// Vitest Snapshot v1, https://vitest.dev/guide/snapshot.html

exports[`<Header /> > should match the snapshot 1`] = `
<header
  class="sticky top-0 z-50 w-full border-b border-border/40 bg-background/95 backdrop-blur supports-[backdrop-filter]:bg-background/60"
>
  <div
    class="mx-auto max-w-4xl px-6 h-16 flex items-center justify-between"
  >
    <a
      class="text-foreground hover:text-foreground/80 transition-colors"
      href="/"
    >
      <span
        class="font-medium"
      >
        Luis Fernando Antunes
      </span>
    </a>
    <div
      class="flex items-center space-x-6"
    >
      <nav
        class="hidden md:flex items-center gap-1"
      >
        <a
          class="px-4 py-2 relative rounded-lg text-sm transition-colors duration-200 hover:text-foreground/80 text-foreground font-medium"
          href="/"
        >
          Home
        </a>
        <a
          class="px-4 py-2 relative rounded-lg text-sm transition-colors duration-200 hover:text-foreground/80 text-foreground/60"
          href="/projects"
        >
          Projetos
        </a>
        <a
          class="px-4 py-2 relative rounded-lg text-sm transition-colors duration-200 hover:text-foreground/80 text-foreground/60"
          href="/about"
        >
          Sobre
        </a>
        <a
          class="px-4 py-2 relative rounded-lg text-sm transition-colors duration-200 hover:text-foreground/80 text-foreground/60"
          href="/contact"
        >
          Contato
        </a>
      </nav>
      <button
        class="inline-flex items-center justify-center font-medium transition-colors duration-200 select-none focus-visible:outline-none focus-visible:ring-2 focus-visible:ring-offset-2 disabled:pointer-events-none disabled:opacity-50 active:translate-y-[1px] hover:bg-muted bg-transparent text-sm gap-1.5 relative w-9 h-9 px-0 rounded-lg"
        title="Ativar modo escuro"
        type="button"
      >
        <svg
          class="lucide lucide-sun h-5 w-5 transition-transform"
          fill="none"
          height="24"
          stroke="currentColor"
          stroke-linecap="round"
          stroke-linejoin="round"
          stroke-width="2"
          viewBox="0 0 24 24"
          width="24"
          xmlns="http://www.w3.org/2000/svg"
        >
          <circle
            cx="12"
            cy="12"
            r="4"
          />
          <path
            d="M12 2v2"
          />
          <path
            d="M12 20v2"
          />
          <path
            d="m4.93 4.93 1.41 1.41"
          />
          <path
            d="m17.66 17.66 1.41 1.41"
          />
          <path
            d="M2 12h2"
          />
          <path
            d="M20 12h2"
          />
          <path
            d="m6.34 17.66-1.41 1.41"
          />
          <path
            d="m19.07 4.93-1.41 1.41"
          />
        </svg>
        <span
          class="sr-only"
        >
          Ativar modo escuro
        </span>
      </button>
    </div>
  </div>
</header>
`;
