// Vitest Snapshot v1, https://vitest.dev/guide/snapshot.html

exports[`<ThemeToggle /> > should match the snapshot 1`] = `
<button
  class="inline-flex items-center justify-center font-medium transition-colors duration-200 select-none focus-visible:outline-none focus-visible:ring-2 focus-visible:ring-offset-2 disabled:pointer-events-none disabled:opacity-50 active:translate-y-[1px] hover:bg-muted bg-transparent text-sm gap-1.5 relative w-9 h-9 px-0 rounded-lg"
  title="Ativar modo escuro"
  type="button"
>
  <svg
    class="lucide lucide-sun h-5 w-5 transition-transform"
    fill="none"
    height="24"
    stroke="currentColor"
    stroke-linecap="round"
    stroke-linejoin="round"
    stroke-width="2"
    viewBox="0 0 24 24"
    width="24"
    xmlns="http://www.w3.org/2000/svg"
  >
    <circle
      cx="12"
      cy="12"
      r="4"
    />
    <path
      d="M12 2v2"
    />
    <path
      d="M12 20v2"
    />
    <path
      d="m4.93 4.93 1.41 1.41"
    />
    <path
      d="m17.66 17.66 1.41 1.41"
    />
    <path
      d="M2 12h2"
    />
    <path
      d="M20 12h2"
    />
    <path
      d="m6.34 17.66-1.41 1.41"
    />
    <path
      d="m19.07 4.93-1.41 1.41"
    />
  </svg>
  <span
    class="sr-only"
  >
    Ativar modo escuro
  </span>
</button>
`;
